# Native runtime events supported by aot runtime.

BGC1stConEnd
BGC1stNonConEnd
BGC1stSweepEnd
BGC2ndConBegin
BGC2ndConEnd
BGC2ndNonConBegin
BGC2ndNonConEnd
BGCAllocWaitBegin
BGCAllocWaitEnd
BGCBegin
BGCDrainMark
BGCOverflow
BGCOverflow_V1
BGCPlanEnd
BGCRevisit
BGCSweepEnd
CCWRefCountChange
CCWRefCountChangeAnsi
ContentionLockCreated
ContentionStart_V2
ContentionStop_V1
DebugExceptionProcessingEnd
DebugExceptionProcessingStart
DebugIPCEventEnd
DebugIPCEventStart
DecreaseMemoryPressure
DestroyGCHandle
ExceptionThrown_V1
FinalizeObject
GCAllocationTick_V4
GCBulkEdge
GCBulkMovedObjectRanges
GCBulkNode
GCBulkRCW
GCBulkRootCCW
GCBulkRootConditionalWeakTableElementEdge
GCBulkRootEdge
GCBulkRootStaticVar
GCBulkSurvivingObjectRanges
GCCreateConcurrentThread_V1
GCCreateSegment_V1
GCDecision
GCDecision_V1
GCEnd_V1
GCFinalizersBegin_V1
GCFinalizersEnd_V1
GCFitBucketInfo
GCFreeSegment_V1
GCFullNotify
GCFullNotify_V1
GCGenerationRange
GCGlobalHeapHistory
GCGlobalHeapHistory_V1
GCGlobalHeapHistory_V4
GCHeapStats_V1
GCHeapStats_V2
GCJoin
GCJoin_V1
GCJoin_V2
GCLOHCompact
GCMarkFinalizeQueueRoots
GCMarkHandles
GCMarkOlderGenerationRoots
GCMarkStackRoots
GCMarkWithType
GCOptimized
GCOptimized_V1
GCPerHeapHistory
GCPerHeapHistory_V1
GCPerHeapHistory_V3
GCRestartEEBegin_V1
GCRestartEEEnd_V1
GCSampledObjectAllocationHigh
GCSampledObjectAllocationLow
GCSettings
GCSettings_V1
GCStart_V2
GCSuspendEEBegin_V1
GCSuspendEEEnd_V1
GCTerminateConcurrentThread_V1
GCTriggered
GenAwareBegin
GenAwareEnd
IncreaseMemoryPressure
ModuleLoad_V2
PinObjectAtGCTime
PinPlugAtGCTime
PrvDestroyGCHandle
PrvFinalizeObject
PrvGCMarkCards
PrvGCMarkCards_V1
PrvGCMarkFinalizeQueueRoots
PrvGCMarkFinalizeQueueRoots_V1
PrvGCMarkHandles
PrvGCMarkHandles_V1
PrvGCMarkStackRoots
PrvGCMarkStackRoots_V1
PrvSetGCHandle
SetGCHandle
ThreadPoolIODequeue
ThreadPoolIOEnqueue
ThreadPoolIOPack
ThreadPoolMinMaxThreads
ThreadPoolWorkerThreadAdjustmentAdjustment
ThreadPoolWorkerThreadAdjustmentSample
ThreadPoolWorkerThreadAdjustmentStats
ThreadPoolWorkerThreadStart
ThreadPoolWorkerThreadStop
ThreadPoolWorkerThreadWait
ThreadPoolWorkingThreadCount
