# Native runtime events supported by aot runtime.

DestroyGCHandle
ExceptionThrown_V1
GCBulkEdge
GCBulkMovedObjectRanges
GCBulkNode
GCBulkRCW
GCBulkRootCCW
GCBulkRootConditionalWeakTableElementEdge
GCBulkRootEdge
GCBulkSurvivingObjectRanges
GCCreateConcurrentThread_V1
GCCreateSegment_V1
GCEnd_V1
GCFreeSegment_V1
GCGenerationRange
GCHeapStats_V1
GCJoin_V2
GCMarkFinalizeQueueRoots
GCMarkHandles
GCMarkOlderGenerationRoots
GCMarkStackRoots
GCMarkWithType
GCPerHeapHistory_V3
GCTerminateConcurrentThread_V1
GCTriggered
ModuleLoad_V2
SetGCHandle
GCStart_V2
GCRestartEEEnd_V1
GCRestartEEBegin_V1
GCSuspendEEEnd_V1
GCSuspendEEBegin_V1
DecreaseMemoryPressure
FinalizeObject
GCFinalizersBegin_V1
GCFinalizersEnd_V1
ContentionStart_V2
ContentionStop_V1
ContentionLockCreated
ThreadPoolWorkerThreadStart
ThreadPoolWorkerThreadStop
ThreadPoolWorkerThreadWait
ThreadPoolMinMaxThreads
ThreadPoolWorkerThreadAdjustmentSample
ThreadPoolWorkerThreadAdjustmentAdjustment
ThreadPoolWorkerThreadAdjustmentStats
ThreadPoolIOEnqueue
ThreadPoolIODequeue
ThreadPoolWorkingThreadCount
ThreadPoolIOPack
GCAllocationTick_V4
GCHeapStats_V2
GCSampledObjectAllocationHigh
GCSampledObjectAllocationLow
PinObjectAtGCTime
GCBulkRootStaticVar
IncreaseMemoryPressure
GCGlobalHeapHistory_V4
GenAwareBegin
GenAwareEnd
GCLOHCompact
GCFitBucketInfo
