#
# This list is to specify the events not supported on Mac.
# The format of this file is <action>:[eventtask]:[eventprovider]:[eventversion]:[eventsymbol]
# where <action> could be one of nostack, nomac, stack, noclrinstanceid
#       [eventtask] is the task of the event
#       [eventprovider] is the provider of the event
#       [eventversion] is the version of the event
#       [eventsymbol] is the symbol of the event
# in the src\VM\ClrEtwAll.man manifest file
#
# <action> is mandatory
# * can be used as a wildcard in place of [eventtask], [eventprovider], [eventversion], [eventversion]
# if [eventprovider] is specified, then the action is applied to the entire provider unless [eventtask] or [eventsymbol] is specified
# if [eventtask] is specified, then the action is applied to all the events with that task unless the [eventsymbol] is also specified. [eventprovider] is ignored at this time
# if [eventsymbol] is specified, then the action is applied to only that event. [eventprovider] is ignored at this time
# [eventversion] is currently unused and will act as NOP
#
# If we do not want an event to have a stack, there should be nostack entries for all versions of that event
# An event having a stack is represented by a '1' bit and a '0' bit otherwise
# A single bit is saved for a single event value and therefore even if the event has multiple versions,
# it has a single bit.
# Logical OR rules apply as far as support for stack for an event is concerned,
# which is to say that if an event is marked as 'stack' and 'nostack', the logical OR'ing will give the final result of 'stack'
#
# Whenever a new version of an event comes up such that
# its older version is no longer used on Mac, the older
# version's event entry must be added here
#

##################################
# Events from the runtime provider
##################################

##################
# Used in Non Windows Platform Linux
##################
noclrinstanceid::::EventSource

##########################
# GarbageCollection events
##########################
noclrinstanceid:GarbageCollection:::GCStart
nostack:GarbageCollection:::GCStart
nomac:GarbageCollection:::GCStart_V1
nostack:GarbageCollection:::GCStart_V1
nomac:GarbageCollection:::GCStart_V2
nostack:GarbageCollection:::GCStart_V2
nomac:GarbageCollection:::GCEnd
noclrinstanceid:GarbageCollection:::GCEnd
nostack:GarbageCollection:::GCEnd
nostack:GarbageCollection:::GCEnd_V1
nomac:GarbageCollection:::GCRestartEEEnd
noclrinstanceid:GarbageCollection:::GCRestartEEEnd
nostack:GarbageCollection:::GCRestartEEEnd
nostack:GarbageCollection:::GCRestartEEEnd_V1
noclrinstanceid:GarbageCollection:::GCHeapStats
nostack:GarbageCollection:::GCHeapStats
nostack:GarbageCollection:::GCHeapStats_V1
nostack:GarbageCollection:::GCHeapStats_V2
nomac:GarbageCollection:::GCHeapStats
nomac:GarbageCollection:::GCHeapStats_V1
nomac:GarbageCollection:::GCHeapStats_V2
nomac:GarbageCollection:::GCCreateSegment
nostack:GarbageCollection:::GCCreateSegment
noclrinstanceid:GarbageCollection:::GCCreateSegment
nostack:GarbageCollection:::GCCreateSegment_V1
nomac:GarbageCollection:::GCFreeSegment
noclrinstanceid:GarbageCollection:::GCFreeSegment
nostack:GarbageCollection:::GCFreeSegment
nostack:GarbageCollection:::GCFreeSegment_V1
nomac:GarbageCollection:::GCRestartEEBegin
noclrinstanceid:GarbageCollection:::GCRestartEEBegin
nostack:GarbageCollection:::GCRestartEEBegin
nostack:GarbageCollection:::GCRestartEEBegin_V1
nomac:GarbageCollection:::GCSuspendEEEnd
noclrinstanceid:GarbageCollection:::GCSuspendEEEnd
nostack:GarbageCollection:::GCSuspendEEEnd
nostack:GarbageCollection:::GCSuspendEEEnd_V1
nomac:GarbageCollection:::GCSuspendEEBegin
noclrinstanceid:GarbageCollection:::GCSuspendEEBegin
nostack:GarbageCollection:::GCSuspendEEBegin
nostack:GarbageCollection:::GCSuspendEEBegin_V1
nomac:GarbageCollection:::GCAllocationTick
noclrinstanceid:GarbageCollection:::GCAllocationTick
nomac:GarbageCollection:::GCCreateConcurrentThread
noclrinstanceid:GarbageCollection:::GCCreateConcurrentThread
nostack:GarbageCollection:::GCCreateConcurrentThread
nostack:GarbageCollection:::GCCreateConcurrentThread_V1
nomac:GarbageCollection:::GCCreateConcurrentThread_V1
nomac:GarbageCollection:::GCTerminateConcurrentThread
noclrinstanceid:GarbageCollection:::GCTerminateConcurrentThread
nostack:GarbageCollection:::GCTerminateConcurrentThread
nomac:GarbageCollection:::GCTerminateConcurrentThread_V1
nostack:GarbageCollection:::GCTerminateConcurrentThread_V1
nomac:GarbageCollection:::GCFinalizersEnd
noclrinstanceid:GarbageCollection:::GCFinalizersEnd
nostack:GarbageCollection:::GCFinalizersEnd
nostack:GarbageCollection:::GCFinalizersEnd_V1
nomac:GarbageCollection:::GCFinalizersBegin
noclrinstanceid:GarbageCollection:::GCFinalizersBegin
nostack:GarbageCollection:::GCFinalizersBegin
nostack:GarbageCollection:::GCFinalizersBegin_V1
nomac:GarbageCollection:::GCMarkStackRoots
nostack:GarbageCollection:::GCMarkStackRoots
nomac:GarbageCollection:::GCMarkFinalizeQueueRoots
nostack:GarbageCollection:::GCMarkFinalizeQueueRoots
nomac:GarbageCollection:::GCMarkHandles
nostack:GarbageCollection:::GCMarkHandles
nomac:GarbageCollection:::GCMarkOlderGenerationRoots
nostack:GarbageCollection:::GCMarkOlderGenerationRoots
nomac:GarbageCollection:::GCMarkWithType
nostack:GarbageCollection:::GCMarkWithType
nostack:GarbageCollection:::PinObjectAtGCTime
nostack:GarbageCollection:::FinalizeObject
nostack:GarbageCollection:::GCGenerationRange
nostack:GarbageCollection:::GCBulkRootEdge
nostack:GarbageCollection:::GCBulkRootConditionalWeakTableElementEdge
nostack:GarbageCollection:::GCBulkNode
nostack:GarbageCollection:::GCBulkEdge
nostack:GarbageCollection:::GCBulkSurvivingObjectRanges
nostack:GarbageCollection:::GCBulkMovedObjectRanges
nostack:GarbageCollection:::GCBulkRootCCW
nostack:GarbageCollection:::GCBulkRCW
nostack:GarbageCollection:::GCBulkRootStaticVar
nomac:GarbageCollection:::GCPerHeapHistory_V3
nostack:GarbageCollection:::GCPerHeapHistory_V3
nomac:GarbageCollection:::GCGlobalHeap_V2
nostack:GarbageCollection:::GCGlobalHeap_V2
nomac:GarbageCollection:::GCJoin_V2

#############
# Type events
#############

nostack:Type:::BulkType

#################################
# Threading and Threadpool events
#################################
nomac:WorkerThreadCreation:::WorkerThreadCreate
noclrinstanceid:WorkerThreadCreation:::WorkerThreadCreate
nomac:WorkerThreadCreation:::WorkerThreadTerminate
noclrinstanceid:WorkerThreadCreation:::WorkerThreadTerminate
nomac:WorkerThreadRetirement:::WorkerThreadRetire
noclrinstanceid:WorkerThreadRetirement:::WorkerThreadRetire
nomac:WorkerThreadRetirement:::WorkerThreadUnretire
noclrinstanceid:WorkerThreadRetirement:::WorkerThreadUnretire
nomac:IOThreadCreation:::IOThreadCreate
noclrinstanceid:IOThreadCreation:::IOThreadCreate
nomac:IOThreadCreation:::IOThreadTerminate
noclrinstanceid:IOThreadCreation:::IOThreadTerminate
nomac:IOThreadRetirement:::IOThreadRetire
noclrinstanceid:IOThreadRetirement:::IOThreadRetire
nomac:IOThreadRetirement:::IOThreadUnretire
noclrinstanceid:IOThreadRetirement:::IOThreadUnretire
nomac:ThreadpoolSuspension:::ThreadpoolSuspensionSuspendThread
noclrinstanceid:ThreadpoolSuspension:::ThreadpoolSuspensionSuspendThread
nomac:ThreadpoolSuspension:::ThreadpoolSuspensionResumeThread
noclrinstanceid:ThreadpoolSuspension:::ThreadpoolSuspensionResumeThread
nomac:ThreadPoolWorkerThread:::ThreadPoolWorkerThreadStart
nostack:ThreadPoolWorkerThread:::ThreadPoolWorkerThreadStart
nostack:ThreadPoolWorkerThread:::ThreadPoolWorkerThreadWait
nomac:ThreadPoolWorkerThread:::ThreadPoolWorkerThreadStop
nostack:ThreadPoolWorkerThread:::ThreadPoolWorkerThreadStop
nomac:ThreadPoolWorkerThreadRetirement:::ThreadPoolWorkerThreadRetirementStart
nostack:ThreadPoolWorkerThreadRetirement:::ThreadPoolWorkerThreadRetirementStart
nomac:ThreadPoolWorkerThreadRetirement:::ThreadPoolWorkerThreadRetirementStop
nostack:ThreadPoolWorkerThreadRetirement:::ThreadPoolWorkerThreadRetirementStop
nomac:ThreadPoolWorkerThreadAdjustment:::ThreadPoolWorkerThreadAdjustmentSample
nostack:ThreadPoolWorkerThreadAdjustment:::ThreadPoolWorkerThreadAdjustmentSample
nomac:ThreadPoolWorkerThreadAdjustment:::ThreadPoolWorkerThreadAdjustmentAdjustment
nostack:ThreadPoolWorkerThreadAdjustment:::ThreadPoolWorkerThreadAdjustmentAdjustment
nomac:YieldProcessorMeasurement:::YieldProcessorMeasurement
nostack:YieldProcessorMeasurement:::YieldProcessorMeasurement

##################
# Exception events
##################
nomac:Exception:::ExceptionThrown
noclrinstanceid:Exception:::ExceptionThrown

###################
# Contention events
###################
nomac:Contention:::Contention
noclrinstanceid:Contention:::Contention
nomac:Contention:::ContentionStart_V1
nostack:Contention:::ContentionStop
nomac:Contention:::ContentionStop
nostack:Contention:::ContentionStop_V1
nomac:Contention:::ContentionStop_V1

##################
# StackWalk events
##################
nomac:CLRStack:::CLRStackWalk
nostack:CLRStack:::CLRStackWalk

####################################
# AppDomainResourceManagement events
####################################
nomac:AppDomainResourceManagement:::AppDomainMemAllocated
nomac:AppDomainResourceManagement:::AppDomainMemSurvived
nomac:AppDomainResourceManagement:::ThreadCreated
nomac:AppDomainResourceManagement:::ThreadTerminated
nomac:AppDomainResourceManagement:::ThreadDomainEnter

################
# Interop events
################
nomac:CLRILStub:::ILStubGenerated
nomac:CLRILStub:::ILStubCacheHit

###############
# Method events
###############
nomac:CLRMethod:::MethodLoad
noclrinstanceid:CLRMethod:::MethodLoad
nostack:CLRMethod:::MethodLoad
nostack:CLRMethod:::MethodLoad_V1
nostack:CLRMethod:::MethodLoad_V2
nomac:CLRMethod:::MethodUnload
noclrinstanceid:CLRMethod:::MethodUnload
nostack:CLRMethod:::MethodUnload
nostack:CLRMethod:::MethodUnload_V1
nostack:CLRMethod:::MethodUnload_V2
nomac:CLRMethod:::MethodLoadVerbose
noclrinstanceid:CLRMethod:::MethodLoadVerbose
nostack:CLRMethod:::MethodLoadVerbose
nostack:CLRMethod:::MethodLoadVerbose_V1
nostack:CLRMethod:::MethodLoadVerbose_V2
nomac:CLRMethod:::MethodUnloadVerbose
nostack:CLRMethod:::MethodUnloadVerbose
nostack:CLRMethod:::MethodUnloadVerbose_V1
nostack:CLRMethod:::MethodUnloadVerbose_V2
noclrinstanceid:CLRMethod:::MethodUnloadVerbose
nomac:CLRMethod:::MethodJittingStarted
noclrinstanceid:CLRMethod:::MethodJittingStarted
nomac:CLRMethod:::MethodJitInliningSucceeded
nostack:CLRMethod:::MethodJitInliningSucceeded
nomac:CLRMethod:::MethodJitInliningFailed
nostack:CLRMethod:::MethodJitInliningFailed
nostack:CLRMethod:::MethodJitTailCallSucceeded
nostack:CLRMethod:::MethodJitTailCallFailed
noclrinstanceid:CLRMethod:::MethodDCStartV2
noclrinstanceid:CLRMethod:::MethodDCEndV2
noclrinstanceid:CLRMethod:::MethodDCStartVerboseV2
noclrinstanceid:CLRMethod:::MethodDCEndVerboseV2
noclrinstanceid:CLRMethod:::DCStartCompleteV2
noclrinstanceid:CLRMethod:::DCEndCompleteV2
nomac:CLRMethod:::MethodILToNativeMap
nostack:CLRMethod:::MethodDetails
noclrinstanceid:CLRMethod:::MethodDetails

###############
# Loader events
###############
nomac:CLRLoader:::ModuleLoad
noclrinstanceid:CLRLoader:::ModuleLoad
nomac:CLRLoader:::ModuleUnload
noclrinstanceid:CLRLoader:::ModuleUnload
nomac:CLRLoader:::AssemblyLoad
noclrinstanceid:CLRLoader:::AssemblyLoad
nomac:CLRLoader:::AssemblyUnload
noclrinstanceid:CLRLoader:::AssemblyUnload
nomac:CLRLoader:::AppDomainLoad
noclrinstanceid:CLRLoader:::AppDomainLoad
nomac:CLRLoader:::AppDomainUnload
noclrinstanceid:CLRLoader:::AppDomainUnload
nomac:CLRLoader:::DomainModuleLoad
noclrinstanceid:CLRLoader:::DomainModuleLoad
noclrinstanceid:CLRLoader:::ModuleDCStartV2
noclrinstanceid:CLRLoader:::ModuleDCEndV2
nomac:CLRPerfTrack:::ModuleRangeLoad
nostack:CLRPerfTrack:::ModuleRangeLoad
nomac:CLRLoader:::ModuleLoad_V2
nomac:CLRLoader:::ModuleUnload_V2
nomac:CLRLoaderRundown:::ModuleDCStart_V2
nomac:CLRLoaderRundown:::ModuleDCEnd_V2

#################
# Security events
#################
nomac:CLRStrongNameVerification:::StrongNameVerificationStart
noclrinstanceid:CLRStrongNameVerification:::StrongNameVerificationStart
nostack:CLRStrongNameVerification:::StrongNameVerificationStart
nostack:CLRStrongNameVerification:::StrongNameVerificationStart_V1
nomac:CLRStrongNameVerification:::StrongNameVerificationStart_V1
nomac:CLRStrongNameVerification:::StrongNameVerificationStop
noclrinstanceid:CLRStrongNameVerification:::StrongNameVerificationStop
nomac:CLRStrongNameVerification:::StrongNameVerificationStop_V1
nomac:CLRAuthenticodeVerification:::AuthenticodeVerificationStart
noclrinstanceid:CLRAuthenticodeVerification:::AuthenticodeVerificationStart
nostack:CLRAuthenticodeVerification:::AuthenticodeVerificationStart
nomac:CLRAuthenticodeVerification:::AuthenticodeVerificationStart_V1
nostack:CLRAuthenticodeVerification:::AuthenticodeVerificationStart_V1
nomac:CLRAuthenticodeVerification:::AuthenticodeVerificationStop
noclrinstanceid:CLRAuthenticodeVerification:::AuthenticodeVerificationStop
nomac:CLRAuthenticodeVerification:::AuthenticodeVerificationStop_V1

####################
# RuntimeInfo events
####################
nostack:CLRRuntimeInformation:::RuntimeInformationStart

###########################
# Tiered compilation events
###########################
nomac:TieredCompilation:::TieredCompilationSettings
nostack:TieredCompilation:::TieredCompilationSettings
nomac:TieredCompilation:::TieredCompilationPause
nostack:TieredCompilation:::TieredCompilationPause
nomac:TieredCompilation:::TieredCompilationResume
nostack:TieredCompilation:::TieredCompilationResume
nomac:TieredCompilation:::TieredCompilationBackgroundJitStart
nostack:TieredCompilation:::TieredCompilationBackgroundJitStart
nomac:TieredCompilation:::TieredCompilationBackgroundJitStop
nostack:TieredCompilation:::TieredCompilationBackgroundJitStop

##################################
# Events from the rundown provider
##################################
nostack::Microsoft-Windows-DotNETRuntimeRundown::

##################
# StackWalk events
##################
nomac:CLRStackRundown:::CLRStackWalkDCStart

###############
# Method events
###############
nomac:CLRMethodRundown:::MethodDCStart
noclrinstanceid:CLRMethodRundown:::MethodDCStart
nomac:CLRMethodRundown:::MethodDCStart_V1
nomac:CLRMethodRundown:::MethodDCEnd
noclrinstanceid:CLRMethodRundown:::MethodDCEnd
nomac:CLRMethodRundown:::MethodDCEnd_V1
nomac:CLRMethodRundown:::MethodDCStartVerbose
noclrinstanceid:CLRMethodRundown:::MethodDCStartVerbose
nomac:CLRMethodRundown:::MethodDCStartVerbose_V1
nomac:CLRMethodRundown:::MethodDCEndVerbose
noclrinstanceid:CLRMethodRundown:::MethodDCEndVerbose
nomac:CLRMethodRundown:::MethodDCEndVerbose_V1
nomac:CLRMethodRundown:::DCStartComplete
noclrinstanceid:CLRMethodRundown:::DCStartComplete
nomac:CLRMethodRundown:::DCStartComplete_V1
nomac:CLRMethodRundown:::DCEndComplete
noclrinstanceid:CLRMethodRundown:::DCEndComplete
nomac:CLRMethodRundown:::DCEndComplete_V1
nomac:CLRMethodRundown:::DCStartInit
noclrinstanceid:CLRMethodRundown:::DCStartInit
nomac:CLRMethodRundown:::DCStartInit_V1
nomac:nomac:CLRMethodRundown:::DCEndInit
noclrinstanceid:nomac:CLRMethodRundown:::DCEndInit
nomac:CLRMethodRundown:::DCEndInit_V1
nomac:CLRMethodRundown:::MethodDCStartILToNativeMap
nomac:CLRMethodRundown:::MethodDCEndILToNativeMap

###############
# Loader events
###############
nomac:CLRLoaderRundown:::DomainModuleDCStart
noclrinstanceid:CLRLoaderRundown:::DomainModuleDCStart
nomac:CLRLoaderRundown:::DomainModuleDCStart_V1
nomac:CLRLoaderRundown:::DomainModuleDCEnd
noclrinstanceid:CLRLoaderRundown:::DomainModuleDCEnd
nomac:CLRLoaderRundown:::DomainModuleDCEnd_V1
nomac:CLRLoaderRundown:::ModuleDCStart
noclrinstanceid:CLRLoaderRundown:::ModuleDCStart
nomac:CLRLoaderRundown:::ModuleDCStart_V1
nomac:CLRLoaderRundown:::ModuleDCEnd
noclrinstanceid:CLRLoaderRundown:::ModuleDCEnd
nomac:CLRLoaderRundown:::ModuleDCEnd_V1
nomac:CLRLoaderRundown:::AssemblyDCStart
noclrinstanceid:CLRLoaderRundown:::AssemblyDCStart
nomac:CLRLoaderRundown:::AssemblyDCStart_V1
nomac:CLRLoaderRundown:::AssemblyDCEnd
noclrinstanceid:CLRLoaderRundown:::AssemblyDCEnd
nomac:CLRLoaderRundown:::AssemblyDCEnd_V1
nomac:CLRLoaderRundown:::AppDomainDCStart
noclrinstanceid:CLRLoaderRundown:::AppDomainDCStart
nomac:CLRLoaderRundown:::AppDomainDCStart_V1
nomac:CLRLoaderRundown:::AppDomainDCEnd
noclrinstanceid:CLRLoaderRundown:::AppDomainDCEnd
nomac:CLRLoaderRundown:::AppDomainDCEnd_V1
nomac:CLRLoaderRundown:::ThreadDC
nomac:CLRPerfTrack:::ModuleRangeDCStart
nostack:CLRPerfTrack:::ModuleRangeDCStart
nomac:CLRPerfTrack:::ModuleRangeDCEnd
nostack:CLRPerfTrack:::ModuleRangeDCEnd

####################
# RuntimeInfo events
####################
nomac:CLRRuntimeInformationRundown:::RuntimeInformationDCStart

###########################
# Tiered compilation events
###########################
nomac:TieredCompilationRundown:::TieredCompilationSettingsDCStart
nostack:TieredCompilationRundown:::TieredCompilationSettingsDCStart

##################################
# Events from the private provider
##################################
nostack::Microsoft-Windows-DotNETRuntimePrivate::

##########################
# GarbageCollection events
##########################
nomac:GarbageCollectionPrivate:::GCDecision
noclrinstanceid:GarbageCollectionPrivate:::GCDecision
nomac:GarbageCollectionPrivate:::GCDecision_V1
nomac:GarbageCollectionPrivate:::GCSettings
noclrinstanceid:GarbageCollectionPrivate:::GCSettings
nomac:GarbageCollectionPrivate:::GCSettings_V1
nomac:GarbageCollectionPrivate:::GCOptimized
noclrinstanceid:GarbageCollectionPrivate:::GCOptimized
nomac:GarbageCollectionPrivate:::GCPerHeapHistory
noclrinstanceid:GarbageCollectionPrivate:::GCPerHeapHistory
nomac:GarbageCollectionPrivate:::GCPerHeapHistory_V1
nomac:GarbageCollectionPrivate:::GCGlobalHeapHistory
noclrinstanceid:GarbageCollectionPrivate:::GCGlobalHeapHistory
nomac:GarbageCollectionPrivate:::GCGlobalHeapHistory_V1
nomac:GarbageCollectionPrivate:::GCJoin
noclrinstanceid:GarbageCollectionPrivate:::GCJoin
nomac:GarbageCollectionPrivate:::GCJoin_V1
nomac:GarbageCollectionPrivate:::PrvGCMarkStackRoots
noclrinstanceid:GarbageCollectionPrivate:::PrvGCMarkStackRoots
nomac:GarbageCollectionPrivate:::PrvGCMarkStackRoots_V1
nomac:GarbageCollectionPrivate:::PrvGCMarkFinalizeQueueRoots
noclrinstanceid:GarbageCollectionPrivate:::PrvGCMarkFinalizeQueueRoots
nomac:GarbageCollectionPrivate:::PrvGCMarkFinalizeQueueRoots_V1
nomac:GarbageCollectionPrivate:::PrvGCMarkHandles
noclrinstanceid:GarbageCollectionPrivate:::PrvGCMarkHandles
nomac:GarbageCollectionPrivate:::PrvGCMarkHandles_V1
nomac:GarbageCollectionPrivate:::PrvGCMarkCards
noclrinstanceid:GarbageCollectionPrivate:::PrvGCMarkCards
nomac:GarbageCollectionPrivate:::PrvGCMarkCards_V1
nomac:GarbageCollectionPrivate:::BGCBegin
nomac:GarbageCollectionPrivate:::BGC1stNonConEnd
nomac:GarbageCollectionPrivate:::BGC1stConEnd
nomac:GarbageCollectionPrivate:::BGC2ndNonConBegin
nomac:GarbageCollectionPrivate:::BGC2ndNonConEnd
nomac:GarbageCollectionPrivate:::BGC2ndConBegin
nomac:GarbageCollectionPrivate:::BGC1stSweepEnd
nomac:GarbageCollectionPrivate:::BGC2ndConEnd
nomac:GarbageCollectionPrivate:::BGCPlanEnd
nomac:GarbageCollectionPrivate:::BGCSweepEnd
nomac:GarbageCollectionPrivate:::BGCDrainMark
nomac:GarbageCollectionPrivate:::BGCRevisit
nomac:GarbageCollectionPrivate:::BGCOverflow
nomac:GarbageCollectionPrivate:::BGCOverflow_V1
nomac:GarbageCollectionPrivate:::BGCAllocWaitBegin
nomac:GarbageCollectionPrivate:::BGCAllocWaitEnd
nomac:GarbageCollectionPrivate:::GCFullNotify
noclrinstanceid:GarbageCollectionPrivate:::GCFullNotify
stack:GarbageCollectionPrivate:Microsoft-Windows-DotNETRuntimePrivate::SetGCHandle
stack:GarbageCollectionPrivate:Microsoft-Windows-DotNETRuntimePrivate::DestroyGCHandle
stack:GarbageCollectionPrivate:Microsoft-Windows-DotNETRuntimePrivate::CCWRefCountChange

################
# Startup events
################
nomac:Startup:::EEStartupStart
noclrinstanceid:Startup:::EEStartupStart
nomac:Startup:::EEStartupEnd
noclrinstanceid:Startup:::EEStartupEnd
nomac:Startup:::EEStartupEnd_V1
nomac:Startup:::EEConfigSetup
noclrinstanceid:Startup:::EEConfigSetup
nomac:Startup:::EEConfigSetupEnd
noclrinstanceid:Startup:::EEConfigSetupEnd
nomac:Startup:::LdSysBases
noclrinstanceid:Startup:::LdSysBases
nomac:Startup:::LdSysBasesEnd
noclrinstanceid:Startup:::LdSysBasesEnd
nomac:Startup:::ExecExe
noclrinstanceid:Startup:::ExecExe
nomac:Startup:::ExecExe_V1
nomac:Startup:::ExecExeEnd
noclrinstanceid:Startup:::ExecExeEnd
nomac:Startup:::ExecExeEnd_V1
nomac:Startup:::Main
noclrinstanceid:Startup:::Main
nomac:Startup:::MainEnd
noclrinstanceid:Startup:::MainEnd
nomac:Startup:::ApplyPolicyStart
noclrinstanceid:Startup:::ApplyPolicyStart
nomac:Startup:::ApplyPolicyStart_V1
nomac:Startup:::ApplyPolicyEnd
noclrinstanceid:Startup:::ApplyPolicyEnd
nomac:Startup:::ApplyPolicyEnd_V1
nomac:Startup:::LdLibShFolder
noclrinstanceid:Startup:::LdLibShFolder
nomac:Startup:::LdLibShFolder_V1
nomac:Startup:::LdLibShFolderEnd
noclrinstanceid:Startup:::LdLibShFolderEnd
nomac:Startup:::LdLibShFolderEnd_V1
nomac:Startup:::PrestubWorker
noclrinstanceid:Startup:::PrestubWorker
nomac:Startup:::PrestubWorkerEnd
noclrinstanceid:Startup:::PrestubWorkerEnd
nomac:Startup:::PrestubWorkerEnd_V1
nomac:Startup:::GetInstallationStart
noclrinstanceid:Startup:::GetInstallationStart
nomac:Startup:::GetInstallationStart_V1
nomac:Startup:::GetInstallationEnd
noclrinstanceid:Startup:::GetInstallationEnd
nomac:Startup:::GetInstallationEnd_V1
nomac:Startup:::OpenHModule
noclrinstanceid:Startup:::OpenHModule
nomac:Startup:::OpenHModule_V1
nomac:Startup:::OpenHModuleEnd
noclrinstanceid:Startup:::OpenHModuleEnd
nomac:Startup:::OpenHModuleEnd_V1
nomac:Startup:::ExplicitBindStart
noclrinstanceid:Startup:::ExplicitBindStart
nomac:Startup:::ExplicitBindStart_V1
nomac:Startup:::ExplicitBindEnd
noclrinstanceid:Startup:::ExplicitBindEnd
nomac:Startup:::ExplicitBindEnd_V1
nomac:Startup:::ParseXml
noclrinstanceid:Startup:::ParseXml
nomac:Startup:::ParseXml_V1
nomac:Startup:::ParseXmlEnd
noclrinstanceid:Startup:::ParseXmlEnd
nomac:Startup:::ParseXmlEnd_V1
nomac:Startup:::InitDefaultDomain
noclrinstanceid:Startup:::InitDefaultDomain
nomac:Startup:::InitDefaultDomainEnd
noclrinstanceid:Startup:::InitDefaultDomainEnd
nomac:Startup:::InitSecurity
noclrinstanceid:Startup:::InitSecurity
nomac:Startup:::InitSecurity_V1
nomac:Startup:::InitSecurityEnd
noclrinstanceid:Startup:::InitSecurityEnd
nomac:Startup:::InitSecurityEnd_V1
nomac:Startup:::AllowBindingRedirs
noclrinstanceid:Startup:::AllowBindingRedirs
nomac:Startup:::AllowBindingRedirs_V1
nomac:Startup:::AllowBindingRedirsEnd
noclrinstanceid:Startup:::AllowBindingRedirsEnd
nomac:Startup:::AllowBindingRedirsEnd_V1
nomac:Startup:::EEConfigSync
noclrinstanceid:Startup:::EEConfigSync
nomac:Startup:::EEConfigSyncEnd
noclrinstanceid:Startup:::EEConfigSyncEnd
nomac:Startup:::FusionBinding
noclrinstanceid:Startup:::FusionBinding
nomac:Startup:::FusionBindingEnd
noclrinstanceid:Startup:::FusionBindingEnd
nomac:Startup:::LoaderCatchCall
noclrinstanceid:Startup:::LoaderCatchCall
nomac:Startup:::LoaderCatchCallEnd
noclrinstanceid:Startup:::LoaderCatchCallEnd
nomac:Startup:::FusionInit
noclrinstanceid:Startup:::FusionInit
nomac:Startup:::FusionInit_V1
nomac:Startup:::FusionInitEnd
noclrinstanceid:Startup:::FusionInitEnd
nomac:Startup:::FusionInitEnd_V1
nomac:Startup:::FusionAppCtx
noclrinstanceid:Startup:::FusionAppCtx
nomac:Startup:::FusionAppCtxEnd
noclrinstanceid:Startup:::FusionAppCtxEnd
nomac:Startup:::Fusion2EE
noclrinstanceid:Startup:::Fusion2EE
nomac:Startup:::Fusion2EE_V1
nomac:Startup:::Fusion2EEEnd
noclrinstanceid:Startup:::Fusion2EEEnd
nomac:Startup:::Fusion2EEEnd_V1
nomac:Startup:::SecurityCatchCall
noclrinstanceid:Startup:::SecurityCatchCall
nomac:Startup:::SecurityCatchCallEnd
noclrinstanceid:Startup:::SecurityCatchCallEnd

##################
# Loader events
##################
stack:LoaderHeapAllocation:Microsoft-Windows-DotNETRuntimePrivate::AllocRequest

##################
# StackWalk events
##################
nomac:CLRStackPrivate:::CLRStackWalkPrivate

################
# Binding events
################
nomac:Binding:::BindingPolicyPhaseStart
nomac:Binding:::BindingPolicyPhaseEnd
nomac:Binding:::BindingNgenPhaseStart
nomac:Binding:::BindingNgenPhaseEnd
nomac:Binding:::BindingLookupAndProbingPhaseStart
nomac:Binding:::BindingLookupAndProbingPhaseEnd
nomac:Binding:::LoaderPhaseStart
nomac:Binding:::LoaderPhaseEnd
nomac:Binding:::BindingPhaseStart
nomac:Binding:::BindingPhaseEnd
nomac:Binding:::BindingDownloadPhaseStart
nomac:Binding:::BindingDownloadPhaseEnd
nomac:Binding:::LoaderAssemblyInitPhaseStart
nomac:Binding:::LoaderAssemblyInitPhaseEnd
nomac:Binding:::LoaderMappingPhaseStart
nomac:Binding:::LoaderMappingPhaseEnd
nomac:Binding:::LoaderDeliverEventsPhaseStart
nomac:Binding:::LoaderDeliverEventsPhaseEnd
nomac:Binding:::EvidenceGenerated
nomac:Binding:::FusionMessage
stack:Binding:::FusionMessage
nomac:Binding:::FusionErrorCode
stack:Binding:::FusionErrorCode

################
# ModuleRange event
################
nomac:CLRPerfTrackPrivate:::ModuleRangeLoadPrivate
nostack:CLRPerfTrackPrivate:::ModuleRangeLoadPrivate

#################################
# Events from the stress provider
#################################
nostack::Microsoft-Windows-DotNETRuntimeStress::

##################
# StressLog events
##################
nomac:StressLogTask:::StressLogEvent
noclrinstanceid:StressLogTask:::StressLogEvent
nomac:StressLogTask:::StressLogEvent_V1

##################
# StackWalk events
##################
nomac:CLRStackStress:::CLRStackWalkStress

#################################
# Events from the Mono profiler provider
#################################
noclrinstanceid:MonoProfiler:::
nostack:MonoProfiler:::MonoProfilerExceptionClause
nostack:MonoProfiler:::MonoProfilerMethodEnter
nostack:MonoProfiler:::MonoProfilerMethodLeave
nostack:MonoProfiler:::MonoProfilerMethodTailCall
nostack:MonoProfiler:::MonoProfilerMethodExceptionLeave
nostack:MonoProfiler:::MonoProfilerMethodFree
nostack:MonoProfiler:::MonoProfilerMethodBeginInvoke
nostack:MonoProfiler:::MonoProfilerMethodEndInvoke
nostack:MonoProfiler:::MonoProfilerGCEvent
nostack:MonoProfiler:::MonoProfilerGCMoves
nostack:MonoProfiler:::MonoProfilerGCResize
nostack:MonoProfiler:::MonoProfilerGCFinalizing
nostack:MonoProfiler:::MonoProfilerGCFinalized
nostack:MonoProfiler:::MonoProfilerGCFinalizingObject
nostack:MonoProfiler:::MonoProfilerGCFinalizedObject
nostack:MonoProfiler:::MonoProfilerGCRootRegister
nostack:MonoProfiler:::MonoProfilerGCRootUnregister
nostack:MonoProfiler:::MonoProfilerGCRoots
nostack:MonoProfiler:::MonoProfilerGCHeapDumpStart
nostack:MonoProfiler:::MonoProfilerGCHeapDumpStop
nostack:MonoProfiler:::MonoProfilerGCHeapDumpObjectReference
nostack:MonoProfiler:::MonoProfilerThreadStarted
nostack:MonoProfiler:::MonoProfilerThreadStopping
nostack:MonoProfiler:::MonoProfilerThreadStopped
nostack:MonoProfiler:::MonoProfilerThreadExited
nostack:MonoProfiler:::MonoProfilerThreadName
nostack:MonoProfiler:::MonoProfilerGCHeapDumpVTableClassReference