# Native runtime events supported by Mono runtime.

AppDomainDCEnd_V1
AssemblyDCEnd_V1
AssemblyLoad_V1
AssemblyUnload_V1
BulkType
ContentionStart_V1
ContentionStop
DCEndComplete_V1
DCEndInit_V1
DomainModuleDCEnd_V1
DomainModuleLoad_V1
EEStartupStart_V1
ExceptionCatchStart
ExceptionCatchStop
ExecutionCheckpointDCEnd
ExceptionFilterStart
ExceptionFilterStop
ExceptionFinallyStart
ExceptionFinallyStop
ExceptionThrown_V1
ExceptionThrownStop
MethodDCEndILToNativeMap
MethodDCEnd_V1
MethodDCEndVerbose_V1
MethodILToNativeMap
MethodJitMemoryAllocatedForCode
MethodJittingStarted_V1
MethodLoad_V1
MethodLoadVerbose_V1
MethodDetails
ModuleDCEnd_V2
ModuleLoad_V2
ModuleUnload_V2
RuntimeInformationDCStart
ThreadCreated
ThreadPoolIODequeue
ThreadPoolIOEnqueue
ThreadPoolMinMaxThreads
ThreadPoolWorkerThreadAdjustmentAdjustment
ThreadPoolWorkerThreadAdjustmentSample
ThreadPoolWorkerThreadAdjustmentStats
ThreadPoolWorkerThreadStart
ThreadPoolWorkerThreadStop
ThreadPoolWorkerThreadWait
ThreadPoolWorkingThreadCount
ThreadPoolIOPack
ThreadTerminated
TypeLoadStart
TypeLoadStop
Microsoft-DotNETRuntimeMonoProfiler:*