ZLIB_NG_2.0.0 {
  global:
    zng_adler32;
    zng_adler32_c;
    zng_adler32_combine;
    zng_adler32_z;
    zng_compress;
    zng_compress2;
    zng_compressBound;
    zng_crc32;
    zng_crc32_combine;
    zng_crc32_combine_gen;
    zng_crc32_combine_op;
    zng_crc32_z;
    zng_deflate;
    zng_deflateBound;
    zng_deflateCopy;
    zng_deflateEnd;
    zng_deflateGetDictionary;
    zng_deflateGetParams;
    zng_deflateInit_;
    zng_deflateInit2_;
    zng_deflateParams;
    zng_deflatePending;
    zng_deflatePrime;
    zng_deflateReset;
    zng_deflateResetKeep;
    zng_deflateSetDictionary;
    zng_deflateSetHeader;
    zng_deflateSetParams;
    zng_deflateTune;
    zng_get_crc_table;
    zng_inflate;
    zng_inflateBack;
    zng_inflateBackEnd;
    zng_inflateBackInit_;
    zng_inflateCodesUsed;
    zng_inflateCopy;
    zng_inflateEnd;
    zng_inflateGetDictionary;
    zng_inflateGetHeader;
    zng_inflateInit_;
    zng_inflateInit2_;
    zng_inflateMark;
    zng_inflatePrime;
    zng_inflateReset;
    zng_inflateReset2;
    zng_inflateResetKeep;
    zng_inflateSetDictionary;
    zng_inflateSync;
    zng_inflateSyncPoint;
    zng_inflateUndermine;
    zng_inflateValidate;
    zng_uncompress;
    zng_uncompress2;
    zng_zError;
    zng_zlibCompileFlags;
    zng_zlibng_string;
    zng_version;
  local:
    zng_deflate_copyright;
    zng_inflate_copyright;
    zng_inflate_fast;
    zng_inflate_table;
    zng_zcalloc;
    zng_zcfree;
    zng_z_errmsg;
    zng_gz_error;
    zng_gz_intmax;
    _*;
};

ZLIB_NG_GZ_2.0.0 {
  global:
    zng_gzbuffer;
    zng_gzclearerr;
    zng_gzclose;
    zng_gzclose_r;
    zng_gzclose_w;
    zng_gzdirect;
    zng_gzdopen;
    zng_gzeof;
    zng_gzerror;
    zng_gzflush;
    zng_gzfread;
    zng_gzfwrite;
    zng_gzgetc;
    zng_gzgetc_;
    zng_gzgets;
    zng_gzoffset;
    zng_gzoffset64;
    zng_gzopen;
    zng_gzopen64;
    zng_gzprintf;
    zng_gzputc;
    zng_gzputs;
    zng_gzread;
    zng_gzrewind;
    zng_gzseek;
    zng_gzseek64;
    zng_gzsetparams;
    zng_gztell;
    zng_gztell64;
    zng_gzungetc;
    zng_gzvprintf;
    zng_gzwrite;
};
